11:13:08 **** Auto Build of configuration Debug for project Lab_4 ****
make pre-build main-build 
a9-linaro-pre-build-step
' '
'Building file: ../src/lab4.c'
'Invoking: ARM v7 gcc compiler'
arm-none-eabi-gcc -Wall -O0 -g3 -c -fmessage-length=0 -MT"src/lab4.o" -mcpu=cortex-a9 -mfpu=vfpv3 -mfloat-abi=hard -I../../Lab_4_bsp/ps7_cortexa9_0/include -MMD -MP -MF"src/lab4.d" -MT"src/lab4.o" -o "src/lab4.o" "../src/lab4.c"
In file included from ../src/lab4.c:2:0:
../../Lab_4_bsp/ps7_cortexa9_0/include/xtime_l.h:87:9: note: #pragma message: For the sleep routines, Global timer is being used
 #pragma message ("For the sleep routines, Global timer is being used")
         ^~~~~~~
../src/lab4.c: In function 'run_program':
../src/lab4.c:76:7: warning: unused variable 'a' [-Wunused-variable]
   int a = i * i;
       ^
'Finished building: ../src/lab4.c'
' '
'Building target: Lab_4.elf'
'Invoking: ARM v7 gcc linker'
arm-none-eabi-gcc -mcpu=cortex-a9 -mfpu=vfpv3 -mfloat-abi=hard -Wl,-build-id=none -specs=Xilinx.spec -Wl,-T -Wl,../src/lscript.ld -L../../Lab_4_bsp/ps7_cortexa9_0/lib -o "Lab_4.elf"  ./src/lab4.o   -Wl,--start-group,-lxil,-lgcc,-lc,--end-group
'Finished building target: Lab_4.elf'
' '
'Invoking: ARM v7 Print Size'
arm-none-eabi-size Lab_4.elf  |tee "Lab_4.elf.size"
   text	   data	    bss	    dec	    hex	filename
  71284	   2772	  23328	  97384	  17c68	Lab_4.elf
'Finished building: Lab_4.elf.size'
' '

11:13:09 Build Finished (took 1s.139ms)

